Picked up JAVA_TOOL_OPTIONS: -Xmx3g
Downloading https://services.gradle.org/distributions/gradle-9.3.1-bin.zip
.............10%.............20%.............30%.............40%.............50%.............60%.............70%.............80%.............90%.............100%

Welcome to Gradle 9.3.1!

Here are the highlights of this release:
 - Test reporting improvements
 - Error and warning improvements
 - Build authoring improvements

For more details see https://docs.gradle.org/9.3.1/release-notes.html

To honour the JVM settings for this build a single-use Daemon process will be forked. For more on this, please refer to https://docs.gradle.org/9.3.1/userguide/gradle_daemon.html#sec:disabling_the_daemon in the Gradle documentation.
Daemon will be stopped at the end of the build 
Type-safe project accessors is an incubating feature.

> Configure project :app
WARNING: The option setting 'android.enableJetifier=true' is deprecated.
The current default is 'false'.
It will be removed in version 10.0 of the Android Gradle plugin.

> Task :app:preBuild UP-TO-DATE
> Task :app:preFossReleaseBuild UP-TO-DATE
> Task :app:mergeFossReleaseJniLibFolders
> Task :app:mergeFossReleaseNativeLibs
> Task :app:checkFossReleaseDuplicateClasses

> Task :app:stripFossReleaseDebugSymbols
Unable to strip the following libraries, packaging them as they are: libNativeImageProcessor.so, libandroidx.graphics.path.so, libavif_android.so, libbrotlicommon.so, libbrotlidec.so, libbrotlienc.so, libglide-webp.so, libjxl.so, libjxl_cms.so, libjxl_threads.so, libjxlcoder.so, libpl_droidsonroids_gif.so. Run with --info option to learn more.

> Task :app:dataBindingMergeDependencyArtifactsFossRelease
> Task :app:extractFossReleaseNativeSymbolTables
> Task :app:extractFossReleaseSupportedLocales
> Task :app:mergeFossReleaseNativeDebugMetadata NO-SOURCE
> Task :app:generateFossReleaseResources
> Task :app:generateFossReleaseLocaleConfig
> Task :app:processFossReleaseNavigationResources
> Task :app:packageFossReleaseResources
> Task :app:generateFossReleaseBuildConfig
> Task :app:parseFossReleaseLocalResources
> Task :app:mergeFossReleaseResources
> Task :app:javaPreCompileFossRelease
> Task :app:dataBindingGenBaseClassesFossRelease
> Task :app:generateFossReleaseRFile
> Task :app:mergeFossReleaseArtProfile
> Task :app:compileFossReleaseNavigationResources
> Task :app:checkFossReleaseAarMetadata
> Task :app:mapFossReleaseSourceSetPaths
> Task :app:createFossReleaseCompatibleScreenManifests
> Task :app:extractDeepLinksFossRelease

> Task :app:processFossReleaseMainManifest
/home/Justice/fossify-gallery/app/src/main/AndroidManifest.xml:7:5-10:49 Warning:
	uses-permission#android.permission.WRITE_EXTERNAL_STORAGE@android:maxSdkVersion was tagged at AndroidManifest.xml:7 to replace other declarations but no other declaration present
/home/Justice/fossify-gallery/app/src/main/AndroidManifest.xml:31:5-33:31 Warning:
	uses-permission#android.permission.CAMERA was tagged at AndroidManifest.xml:31 to remove other declarations but no other declaration present
/home/Justice/fossify-gallery/app/src/main/AndroidManifest.xml Warning:
	uses-permission#com.samsung.android.providers.context.permission.WRITE_USE_APP_FEATURE_SURVEY was tagged at AndroidManifest.xml:0 to remove other declarations but no other declaration present

> Task :app:processFossReleaseManifest
> Task :app:extractProguardFiles
> Task :app:mergeFossReleaseStartupProfile
> Task :app:generateFossReleaseAssets UP-TO-DATE
> Task :app:mergeFossReleaseAssets
> Task :app:compressFossReleaseAssets
> Task :app:extractFossReleaseVersionControlInfo
> Task :app:validateSigningFossRelease
> Task :app:writeFossReleaseAppMetadata
> Task :app:writeFossReleaseSigningConfigVersions
> Task :app:preGplayReleaseBuild UP-TO-DATE
> Task :app:mergeGplayReleaseJniLibFolders
> Task :app:checkGplayReleaseDuplicateClasses
> Task :app:dataBindingMergeDependencyArtifactsGplayRelease
> Task :app:extractGplayReleaseSupportedLocales
> Task :app:processFossReleaseManifestForPackage
> Task :app:generateGplayReleaseLocaleConfig
> Task :app:mergeGplayReleaseNativeLibs
> Task :app:generateGplayReleaseResources

> Task :app:stripGplayReleaseDebugSymbols
Unable to strip the following libraries, packaging them as they are: libNativeImageProcessor.so, libandroidx.graphics.path.so, libavif_android.so, libbrotlicommon.so, libbrotlidec.so, libbrotlienc.so, libglide-webp.so, libjxl.so, libjxl_cms.so, libjxl_threads.so, libjxlcoder.so, libpl_droidsonroids_gif.so. Run with --info option to learn more.

> Task :app:processFossReleaseResources
> Task :app:extractGplayReleaseNativeSymbolTables
> Task :app:packageGplayReleaseResources
> Task :app:mergeGplayReleaseNativeDebugMetadata NO-SOURCE
> Task :app:processGplayReleaseNavigationResources
> Task :app:generateGplayReleaseBuildConfig
> Task :app:javaPreCompileGplayRelease
> Task :app:mergeGplayReleaseArtProfile
> Task :app:parseGplayReleaseLocalResources
> Task :app:checkGplayReleaseAarMetadata
> Task :app:compileGplayReleaseNavigationResources
> Task :app:generateGplayReleaseRFile
> Task :app:mapGplayReleaseSourceSetPaths
> Task :app:createGplayReleaseCompatibleScreenManifests
> Task :app:extractDeepLinksGplayRelease

> Task :app:processGplayReleaseMainManifest
/home/Justice/fossify-gallery/app/src/main/AndroidManifest.xml:7:5-10:49 Warning:
	uses-permission#android.permission.WRITE_EXTERNAL_STORAGE@android:maxSdkVersion was tagged at AndroidManifest.xml:7 to replace other declarations but no other declaration present
/home/Justice/fossify-gallery/app/src/main/AndroidManifest.xml:31:5-33:31 Warning:
	uses-permission#android.permission.CAMERA was tagged at AndroidManifest.xml:31 to remove other declarations but no other declaration present
/home/Justice/fossify-gallery/app/src/main/AndroidManifest.xml Warning:
	uses-permission#com.samsung.android.providers.context.permission.WRITE_USE_APP_FEATURE_SURVEY was tagged at AndroidManifest.xml:0 to remove other declarations but no other declaration present

> Task :app:processGplayReleaseManifest
> Task :app:mergeGplayReleaseStartupProfile
> Task :app:generateGplayReleaseAssets UP-TO-DATE
> Task :app:mergeGplayReleaseAssets
> Task :app:compressGplayReleaseAssets
> Task :app:extractGplayReleaseVersionControlInfo
> Task :app:validateSigningGplayRelease
> Task :app:writeGplayReleaseAppMetadata
> Task :app:writeGplayReleaseSigningConfigVersions
> Task :app:processGplayReleaseManifestForPackage
> Task :app:mergeGplayReleaseResources
> Task :app:dataBindingGenBaseClassesGplayRelease
> Task :app:processGplayReleaseResources

> Task :app:kspGplayReleaseKotlin
w: [ksp] /home/Justice/fossify-gallery/app/src/main/kotlin/org/fossify/gallery/interfaces/DirectoryDao.kt:13:  org.fossify.gallery.models.Directory has some properties [id] which are not returned by the query. If they are not supposed to be read from the result, you can mark them with @Ignore annotation. You can suppress this warning by annotating the function with @SuppressWarnings(RoomWarnings.QUERY_MISMATCH). Columns returned by the query: path, thumbnail, filename, media_count, last_modified, date_taken, size, location, media_types, sort_value.
w: [ksp] /home/Justice/fossify-gallery/app/src/main/kotlin/org/fossify/gallery/interfaces/MediumDao.kt:9:  org.fossify.gallery.models.Medium has some properties [id] which are not returned by the query. If they are not supposed to be read from the result, you can mark them with @Ignore annotation. You can suppress this warning by annotating the function with @SuppressWarnings(RoomWarnings.QUERY_MISMATCH). Columns returned by the query: filename, full_path, parent_path, last_modified, date_taken, size, type, video_duration, is_favorite, deleted_ts, media_store_id.
w: [ksp] /home/Justice/fossify-gallery/app/src/main/kotlin/org/fossify/gallery/interfaces/MediumDao.kt:12:  org.fossify.gallery.models.Medium has some properties [id] which are not returned by the query. If they are not supposed to be read from the result, you can mark them with @Ignore annotation. You can suppress this warning by annotating the function with @SuppressWarnings(RoomWarnings.QUERY_MISMATCH). Columns returned by the query: filename, full_path, parent_path, last_modified, date_taken, size, type, video_duration, is_favorite, deleted_ts, media_store_id.
w: [ksp] /home/Justice/fossify-gallery/app/src/main/kotlin/org/fossify/gallery/interfaces/MediumDao.kt:18:  org.fossify.gallery.models.Medium has some properties [id] which are not returned by the query. If they are not supposed to be read from the result, you can mark them with @Ignore annotation. You can suppress this warning by annotating the function with @SuppressWarnings(RoomWarnings.QUERY_MISMATCH). Columns returned by the query: filename, full_path, parent_path, last_modified, date_taken, size, type, video_duration, is_favorite, deleted_ts, media_store_id.
w: [ksp] /home/Justice/fossify-gallery/app/src/main/kotlin/org/fossify/gallery/interfaces/MediumDao.kt:24:  org.fossify.gallery.models.Medium has some properties [id] which are not returned by the query. If they are not supposed to be read from the result, you can mark them with @Ignore annotation. You can suppress this warning by annotating the function with @SuppressWarnings(RoomWarnings.QUERY_MISMATCH). Columns returned by the query: filename, full_path, parent_path, last_modified, date_taken, size, type, video_duration, is_favorite, deleted_ts, media_store_id.
w: [ksp] /home/Justice/fossify-gallery/app/src/main/kotlin/org/fossify/gallery/interfaces/DateTakensDao.kt:15:  org.fossify.gallery.models.DateTaken has some properties [id] which are not returned by the query. If they are not supposed to be read from the result, you can mark them with @Ignore annotation. You can suppress this warning by annotating the function with @SuppressWarnings(RoomWarnings.QUERY_MISMATCH). Columns returned by the query: full_path, filename, parent_path, date_taken, last_fixed, last_modified.
w: [ksp] /home/Justice/fossify-gallery/app/src/main/kotlin/org/fossify/gallery/interfaces/DateTakensDao.kt:18:  org.fossify.gallery.models.DateTaken has some properties [id] which are not returned by the query. If they are not supposed to be read from the result, you can mark them with @Ignore annotation. You can suppress this warning by annotating the function with @SuppressWarnings(RoomWarnings.QUERY_MISMATCH). Columns returned by the query: full_path, filename, parent_path, date_taken, last_fixed, last_modified.
w: [ksp] /home/Justice/fossify-gallery/app/src/main/kotlin/org/fossify/gallery/databases/GalleryDatabase.kt:13: Schema export directory was not provided to the annotation processor so Room cannot export the schema. You can either provide `room.schemaLocation` annotation processor argument by applying the Room Gradle plugin (id 'androidx.room') OR set exportSchema to false.

> Task :app:kspFossReleaseKotlin
w: [ksp] /home/Justice/fossify-gallery/app/src/main/kotlin/org/fossify/gallery/interfaces/DirectoryDao.kt:13:  org.fossify.gallery.models.Directory has some properties [id] which are not returned by the query. If they are not supposed to be read from the result, you can mark them with @Ignore annotation. You can suppress this warning by annotating the function with @SuppressWarnings(RoomWarnings.QUERY_MISMATCH). Columns returned by the query: path, thumbnail, filename, media_count, last_modified, date_taken, size, location, media_types, sort_value.
w: [ksp] /home/Justice/fossify-gallery/app/src/main/kotlin/org/fossify/gallery/interfaces/MediumDao.kt:9:  org.fossify.gallery.models.Medium has some properties [id] which are not returned by the query. If they are not supposed to be read from the result, you can mark them with @Ignore annotation. You can suppress this warning by annotating the function with @SuppressWarnings(RoomWarnings.QUERY_MISMATCH). Columns returned by the query: filename, full_path, parent_path, last_modified, date_taken, size, type, video_duration, is_favorite, deleted_ts, media_store_id.
w: [ksp] /home/Justice/fossify-gallery/app/src/main/kotlin/org/fossify/gallery/interfaces/MediumDao.kt:12:  org.fossify.gallery.models.Medium has some properties [id] which are not returned by the query. If they are not supposed to be read from the result, you can mark them with @Ignore annotation. You can suppress this warning by annotating the function with @SuppressWarnings(RoomWarnings.QUERY_MISMATCH). Columns returned by the query: filename, full_path, parent_path, last_modified, date_taken, size, type, video_duration, is_favorite, deleted_ts, media_store_id.
w: [ksp] /home/Justice/fossify-gallery/app/src/main/kotlin/org/fossify/gallery/interfaces/MediumDao.kt:18:  org.fossify.gallery.models.Medium has some properties [id] which are not returned by the query. If they are not supposed to be read from the result, you can mark them with @Ignore annotation. You can suppress this warning by annotating the function with @SuppressWarnings(RoomWarnings.QUERY_MISMATCH). Columns returned by the query: filename, full_path, parent_path, last_modified, date_taken, size, type, video_duration, is_favorite, deleted_ts, media_store_id.
w: [ksp] /home/Justice/fossify-gallery/app/src/main/kotlin/org/fossify/gallery/interfaces/MediumDao.kt:24:  org.fossify.gallery.models.Medium has some properties [id] which are not returned by the query. If they are not supposed to be read from the result, you can mark them with @Ignore annotation. You can suppress this warning by annotating the function with @SuppressWarnings(RoomWarnings.QUERY_MISMATCH). Columns returned by the query: filename, full_path, parent_path, last_modified, date_taken, size, type, video_duration, is_favorite, deleted_ts, media_store_id.
w: [ksp] /home/Justice/fossify-gallery/app/src/main/kotlin/org/fossify/gallery/interfaces/DateTakensDao.kt:15:  org.fossify.gallery.models.DateTaken has some properties [id] which are not returned by the query. If they are not supposed to be read from the result, you can mark them with @Ignore annotation. You can suppress this warning by annotating the function with @SuppressWarnings(RoomWarnings.QUERY_MISMATCH). Columns returned by the query: full_path, filename, parent_path, date_taken, last_fixed, last_modified.
w: [ksp] /home/Justice/fossify-gallery/app/src/main/kotlin/org/fossify/gallery/interfaces/DateTakensDao.kt:18:  org.fossify.gallery.models.DateTaken has some properties [id] which are not returned by the query. If they are not supposed to be read from the result, you can mark them with @Ignore annotation. You can suppress this warning by annotating the function with @SuppressWarnings(RoomWarnings.QUERY_MISMATCH). Columns returned by the query: full_path, filename, parent_path, date_taken, last_fixed, last_modified.
w: [ksp] /home/Justice/fossify-gallery/app/src/main/kotlin/org/fossify/gallery/databases/GalleryDatabase.kt:13: Schema export directory was not provided to the annotation processor so Room cannot export the schema. You can either provide `room.schemaLocation` annotation processor argument by applying the Room Gradle plugin (id 'androidx.room') OR set exportSchema to false.

> Task :app:compileFossReleaseKotlin
> Task :app:compileGplayReleaseKotlin
w: file:///home/Justice/fossify-gallery/app/src/main/kotlin/org/fossify/gallery/activities/EditActivity.kt:134:39 'fun get(p0: String!): Any?' is deprecated. Deprecated in Java.
w: file:///home/Justice/fossify-gallery/app/src/main/kotlin/org/fossify/gallery/activities/EditActivity.kt:217:31 'fun get(p0: String!): Any?' is deprecated. Deprecated in Java.
w: file:///home/Justice/fossify-gallery/app/src/main/kotlin/org/fossify/gallery/activities/EditActivity.kt:217:77 'fun get(p0: String!): Any?' is deprecated. Deprecated in Java.
w: file:///home/Justice/fossify-gallery/app/src/main/kotlin/org/fossify/gallery/activities/EditActivity.kt:275:25 'constructor(): Handler' is deprecated. Deprecated in Java.
w: file:///home/Justice/fossify-gallery/app/src/main/kotlin/org/fossify/gallery/activities/EditActivity.kt:347:23 'val defaultDisplay: Display!' is deprecated. Deprecated in Java.
w: file:///home/Justice/fossify-gallery/app/src/main/kotlin/org/fossify/gallery/activities/EditActivity.kt:347:38 'fun getSize(p0: Point!): Unit' is deprecated. Deprecated in Java.
w: file:///home/Justice/fossify-gallery/app/src/main/kotlin/org/fossify/gallery/activities/EditActivity.kt:359:18 'fun into(p0: Int, p1: Int): FutureTarget<Bitmap!>!' is deprecated. Deprecated in Java.
w: file:///home/Justice/fossify-gallery/app/src/main/kotlin/org/fossify/gallery/activities/MainActivity.kt:187:37 'constructor(): Handler' is deprecated. Deprecated in Java.
w: file:///home/Justice/fossify-gallery/app/src/main/kotlin/org/fossify/gallery/activities/MainActivity.kt:188:42 'constructor(): Handler' is deprecated. Deprecated in Java.
w: file:///home/Justice/fossify-gallery/app/src/main/kotlin/org/fossify/gallery/activities/MainActivity.kt:481:26 'fun toggleHideOnScroll(hideOnScroll: Boolean): Unit' is deprecated. This feature is broken for now.
w: file:///home/Justice/fossify-gallery/app/src/main/kotlin/org/fossify/gallery/activities/MainActivity.kt:1026:42 'fun get(p0: String!): Any?' is deprecated. Deprecated in Java.
w: file:///home/Justice/fossify-gallery/app/src/main/kotlin/org/fossify/gallery/activities/MainActivity.kt:1086:17 'fun startActivityForResult(p0: Intent, p1: Int): Unit' is deprecated. Deprecated in Java.
w: file:///home/Justice/fossify-gallery/app/src/main/kotlin/org/fossify/gallery/activities/MainActivity.kt:1092:17 'fun startActivityForResult(p0: Intent, p1: Int): Unit' is deprecated. Deprecated in Java.
w: file:///home/Justice/fossify-gallery/app/src/main/kotlin/org/fossify/gallery/activities/MainActivity.kt:1114:34 Unchecked cast of 'Any' to 'ArrayList<Directory>'.
w: file:///home/Justice/fossify-gallery/app/src/main/kotlin/org/fossify/gallery/activities/MainActivity.kt:1121:39 Unchecked cast of 'Any' to 'ArrayList<Directory>'.
w: file:///home/Justice/fossify-gallery/app/src/main/kotlin/org/fossify/gallery/activities/MainActivity.kt:1412:30 Unchecked cast of 'Any' to 'ArrayList<Directory>'.
w: file:///home/Justice/fossify-gallery/app/src/main/kotlin/org/fossify/gallery/activities/MainActivity.kt:1490:19 Unchecked cast of 'Any' to 'ArrayList<Directory>'.
w: file:///home/Justice/fossify-gallery/app/src/main/kotlin/org/fossify/gallery/activities/MainActivity.kt:1645:13 'constructor(): Handler' is deprecated. Deprecated in Java.
w: file:///home/Justice/fossify-gallery/app/src/main/kotlin/org/fossify/gallery/activities/MediaActivity.kt:15:8 'class SimpleTarget<Z : Any!> : BaseTarget<Z!>' is deprecated. Deprecated in Java.
w: file:///home/Justice/fossify-gallery/app/src/main/kotlin/org/fossify/gallery/activities/MediaActivity.kt:135:37 'constructor(): Handler' is deprecated. Deprecated in Java.
w: file:///home/Justice/fossify-gallery/app/src/main/kotlin/org/fossify/gallery/activities/MediaActivity.kt:136:42 'constructor(): Handler' is deprecated. Deprecated in Java.
w: file:///home/Justice/fossify-gallery/app/src/main/kotlin/org/fossify/gallery/activities/MediaActivity.kt:365:27 'fun toggleHideOnScroll(hideOnScroll: Boolean): Unit' is deprecated. This feature is broken for now.
w: file:///home/Justice/fossify-gallery/app/src/main/kotlin/org/fossify/gallery/activities/MediaActivity.kt:442:38 Unchecked cast of 'ArrayList<ThumbnailItem>' to 'ArrayList<Medium>'.
w: file:///home/Justice/fossify-gallery/app/src/main/kotlin/org/fossify/gallery/activities/MediaActivity.kt:508:40 Unchecked cast of 'Any' to 'ArrayList<ThumbnailItem>'.
w: file:///home/Justice/fossify-gallery/app/src/main/kotlin/org/fossify/gallery/activities/MediaActivity.kt:694:47 Unchecked cast of 'Any' to 'ArrayList<ThumbnailItem>'.
w: file:///home/Justice/fossify-gallery/app/src/main/kotlin/org/fossify/gallery/activities/MediaActivity.kt:717:26 'fun execute(vararg p0: Void!): AsyncTask<Void!, Void!, ArrayList<ThumbnailItem>!>!' is deprecated. Deprecated in Java.
w: file:///home/Justice/fossify-gallery/app/src/main/kotlin/org/fossify/gallery/activities/MediaActivity.kt:936:31 'val wallpaperDesiredMinimumWidth: Int' is deprecated. Deprecated in Java.
w: file:///home/Justice/fossify-gallery/app/src/main/kotlin/org/fossify/gallery/activities/MediaActivity.kt:937:32 'val wallpaperDesiredMinimumHeight: Int' is deprecated. Deprecated in Java.
w: file:///home/Justice/fossify-gallery/app/src/main/kotlin/org/fossify/gallery/activities/MediaActivity.kt:948:32 'class SimpleTarget<Z : Any!> : BaseTarget<Z!>' is deprecated. Deprecated in Java.
w: file:///home/Justice/fossify-gallery/app/src/main/kotlin/org/fossify/gallery/activities/PhotoVideoActivity.kt:257:52 'static fun fromHtml(p0: String!): Spanned!' is deprecated. Deprecated in Java.
w: file:///home/Justice/fossify-gallery/app/src/main/kotlin/org/fossify/gallery/activities/SearchActivity.kt:65:28 'fun toggleHideOnScroll(hideOnScroll: Boolean): Unit' is deprecated. This feature is broken for now.
w: file:///home/Justice/fossify-gallery/app/src/main/kotlin/org/fossify/gallery/activities/SearchActivity.kt:102:84 Unchecked cast of 'ArrayList<ThumbnailItem>' to 'ArrayList<Medium>'.
w: file:///home/Justice/fossify-gallery/app/src/main/kotlin/org/fossify/gallery/activities/SearchActivity.kt:230:40 Unchecked cast of 'Any' to 'ArrayList<ThumbnailItem>'.
w: file:///home/Justice/fossify-gallery/app/src/main/kotlin/org/fossify/gallery/activities/SearchActivity.kt:242:36 Unchecked cast of 'Any' to 'ArrayList<ThumbnailItem>'.
w: file:///home/Justice/fossify-gallery/app/src/main/kotlin/org/fossify/gallery/activities/SearchActivity.kt:248:26 'fun execute(vararg p0: Void!): AsyncTask<Void!, Void!, ArrayList<ThumbnailItem>!>!' is deprecated. Deprecated in Java.
w: file:///home/Justice/fossify-gallery/app/src/main/kotlin/org/fossify/gallery/activities/SetWallpaperActivity.kt:56:13 'fun startActivityForResult(p0: Intent, p1: Int): Unit' is deprecated. Deprecated in Java.
w: file:///home/Justice/fossify-gallery/app/src/main/kotlin/org/fossify/gallery/activities/SettingsActivity.kt:802:29 'fun startActivityForResult(p0: Intent, p1: Int): Unit' is deprecated. Deprecated in Java.
w: file:///home/Justice/fossify-gallery/app/src/main/kotlin/org/fossify/gallery/activities/SettingsActivity.kt:858:21 'fun startActivityForResult(p0: Intent, p1: Int): Unit' is deprecated. Deprecated in Java.
w: file:///home/Justice/fossify-gallery/app/src/main/kotlin/org/fossify/gallery/activities/SettingsActivity.kt:1003:21 'fun startActivityForResult(p0: Intent, p1: Int): Unit' is deprecated. Deprecated in Java.
w: file:///home/Justice/fossify-gallery/app/src/main/kotlin/org/fossify/gallery/activities/VideoPlayerActivity.kt:127:33 'constructor(): Handler' is deprecated. Deprecated in Java.
w: file:///home/Justice/fossify-gallery/app/src/main/kotlin/org/fossify/gallery/activities/VideoPlayerActivity.kt:128:41 'constructor(): Handler' is deprecated. Deprecated in Java.
w: file:///home/Justice/fossify-gallery/app/src/main/kotlin/org/fossify/gallery/activities/VideoPlayerActivity.kt:173:16 'var statusBarColor: Int' is deprecated. Deprecated in Java.
w: file:///home/Justice/fossify-gallery/app/src/main/kotlin/org/fossify/gallery/activities/VideoPlayerActivity.kt:174:16 'var navigationBarColor: Int' is deprecated. Deprecated in Java.
w: file:///home/Justice/fossify-gallery/app/src/main/kotlin/org/fossify/gallery/activities/VideoPlayerActivity.kt:276:26 'fun setOnSystemUiVisibilityChangeListener(p0: View.OnSystemUiVisibilityChangeListener!): Unit' is deprecated. Deprecated in Java.
w: file:///home/Justice/fossify-gallery/app/src/main/kotlin/org/fossify/gallery/activities/VideoPlayerActivity.kt:277:52 'static field SYSTEM_UI_FLAG_FULLSCREEN: Int' is deprecated. Deprecated in Java.
w: file:///home/Justice/fossify-gallery/app/src/main/kotlin/org/fossify/gallery/activities/VideoPlayerActivity.kt:362:13 'constructor(): Handler' is deprecated. Deprecated in Java.
w: file:///home/Justice/fossify-gallery/app/src/main/kotlin/org/fossify/gallery/activities/VideoPlayerActivity.kt:602:37 'val defaultDisplay: Display!' is deprecated. Deprecated in Java.
w: file:///home/Justice/fossify-gallery/app/src/main/kotlin/org/fossify/gallery/activities/VideoPlayerActivity.kt:607:17 'fun getRealMetrics(p0: DisplayMetrics!): Unit' is deprecated. Deprecated in Java.
w: file:///home/Justice/fossify-gallery/app/src/main/kotlin/org/fossify/gallery/activities/ViewPagerActivity.kt:201:37 'constructor(): Handler' is deprecated. Deprecated in Java.
w: file:///home/Justice/fossify-gallery/app/src/main/kotlin/org/fossify/gallery/activities/ViewPagerActivity.kt:523:17 'constructor(): Handler' is deprecated. Deprecated in Java.
w: file:///home/Justice/fossify-gallery/app/src/main/kotlin/org/fossify/gallery/activities/ViewPagerActivity.kt:882:38 'fun getDrawable(p0: Int): Drawable!' is deprecated. Deprecated in Java.
w: file:///home/Justice/fossify-gallery/app/src/main/kotlin/org/fossify/gallery/activities/ViewPagerActivity.kt:1324:15 'fun execute(vararg p0: Void!): AsyncTask<Void!, Void!, ArrayList<ThumbnailItem>!>!' is deprecated. Deprecated in Java.
w: file:///home/Justice/fossify-gallery/app/src/main/kotlin/org/fossify/gallery/activities/ViewPagerActivity.kt:1462:21 'fun startActivityForResult(p0: Intent, p1: Int): Unit' is deprecated. Deprecated in Java.
w: file:///home/Justice/fossify-gallery/app/src/main/kotlin/org/fossify/gallery/activities/WidgetConfigureActivity.kt:92:37 'fun getColor(p0: Int): Int' is deprecated. Deprecated in Java.
w: file:///home/Justice/fossify-gallery/app/src/main/kotlin/org/fossify/gallery/adapters/DirectoryAdapter.kt:632:38 'fun getDrawable(p0: Int): Drawable!' is deprecated. Deprecated in Java.
w: file:///home/Justice/fossify-gallery/app/src/main/kotlin/org/fossify/gallery/adapters/DirectoryAdapter.kt:815:43 Unchecked cast of 'Any' to 'ArrayList<Directory>'.
w: file:///home/Justice/fossify-gallery/app/src/main/kotlin/org/fossify/gallery/adapters/FiltersAdapter.kt:16:54 'fun getDrawable(p0: Int): Drawable!' is deprecated. Deprecated in Java.
w: file:///home/Justice/fossify-gallery/app/src/main/kotlin/org/fossify/gallery/adapters/FiltersAdapter.kt:52:38 'val adapterPosition: Int' is deprecated. Deprecated in Java.
w: file:///home/Justice/fossify-gallery/app/src/main/kotlin/org/fossify/gallery/adapters/MediaAdapter.kt:501:38 'fun getDrawable(p0: Int): Drawable!' is deprecated. Deprecated in Java.
w: file:///home/Justice/fossify-gallery/app/src/main/kotlin/org/fossify/gallery/adapters/MediaAdapter.kt:629:47 Unchecked cast of 'Any' to 'ArrayList<ThumbnailItem>'.
w: file:///home/Justice/fossify-gallery/app/src/main/kotlin/org/fossify/gallery/adapters/MyPagerAdapter.kt:8:8 'class FragmentStatePagerAdapter : PagerAdapter' is deprecated. Deprecated in Java.
w: file:///home/Justice/fossify-gallery/app/src/main/kotlin/org/fossify/gallery/adapters/MyPagerAdapter.kt:18:110 'constructor(p0: FragmentManager): FragmentStatePagerAdapter' is deprecated. Deprecated in Java.
w: file:///home/Justice/fossify-gallery/app/src/main/kotlin/org/fossify/gallery/adapters/MyPagerAdapter.kt:18:110 'class FragmentStatePagerAdapter : PagerAdapter' is deprecated. Deprecated in Java.
w: file:///home/Justice/fossify-gallery/app/src/main/kotlin/org/fossify/gallery/adapters/PortraitPhotosAdapter.kt:22:54 'fun getDrawable(p0: Int): Drawable!' is deprecated. Deprecated in Java.
w: file:///home/Justice/fossify-gallery/app/src/main/kotlin/org/fossify/gallery/asynctasks/GetMediaAsynctask.kt:4:8 'class AsyncTask<Params : Any!, Progress : Any!, Result : Any!> : Any' is deprecated. Deprecated in Java.
w: file:///home/Justice/fossify-gallery/app/src/main/kotlin/org/fossify/gallery/asynctasks/GetMediaAsynctask.kt:19:5 'constructor<Params : Any!, Progress : Any!, Result : Any!>(): AsyncTask<Params, Progress, Result>' is deprecated. Deprecated in Java.
w: file:///home/Justice/fossify-gallery/app/src/main/kotlin/org/fossify/gallery/asynctasks/GetMediaAsynctask.kt:19:5 'class AsyncTask<Params : Any!, Progress : Any!, Result : Any!> : Any' is deprecated. Deprecated in Java.
w: file:///home/Justice/fossify-gallery/app/src/main/kotlin/org/fossify/gallery/asynctasks/GetMediaAsynctask.kt:22:18 This declaration overrides a deprecated member but is not marked as deprecated itself. Add the '@Deprecated' annotation or suppress the diagnostic.
w: file:///home/Justice/fossify-gallery/app/src/main/kotlin/org/fossify/gallery/asynctasks/GetMediaAsynctask.kt:46:89 Unchecked cast of 'Any' to 'HashMap<String, Long>'.
w: file:///home/Justice/fossify-gallery/app/src/main/kotlin/org/fossify/gallery/asynctasks/GetMediaAsynctask.kt:64:18 This declaration overrides a deprecated member but is not marked as deprecated itself. Add the '@Deprecated' annotation or suppress the diagnostic.
w: file:///home/Justice/fossify-gallery/app/src/main/kotlin/org/fossify/gallery/asynctasks/GetMediaAsynctask.kt:65:15 'fun onPostExecute(p0: ArrayList<ThumbnailItem>!): Unit' is deprecated. Deprecated in Java.
w: file:///home/Justice/fossify-gallery/app/src/main/kotlin/org/fossify/gallery/asynctasks/GetMediaAsynctask.kt:71:9 'fun cancel(p0: Boolean): Boolean' is deprecated. Deprecated in Java.
w: file:///home/Justice/fossify-gallery/app/src/main/kotlin/org/fossify/gallery/databases/GalleryDatabase.kt:33:30 'fun fallbackToDestructiveMigration(): RoomDatabase.Builder<GalleryDatabase>' is deprecated. Replace by overloaded version with parameter to indicate if all tables should be dropped or not.
w: file:///home/Justice/fossify-gallery/app/src/main/kotlin/org/fossify/gallery/databases/GalleryDatabase.kt:55:34 The corresponding parameter in the supertype 'Migration' is named 'db'. This may cause problems when calling this function with named arguments.
w: file:///home/Justice/fossify-gallery/app/src/main/kotlin/org/fossify/gallery/databases/GalleryDatabase.kt:61:34 The corresponding parameter in the supertype 'Migration' is named 'db'. This may cause problems when calling this function with named arguments.
w: file:///home/Justice/fossify-gallery/app/src/main/kotlin/org/fossify/gallery/databases/GalleryDatabase.kt:68:34 The corresponding parameter in the supertype 'Migration' is named 'db'. This may cause problems when calling this function with named arguments.
w: file:///home/Justice/fossify-gallery/app/src/main/kotlin/org/fossify/gallery/databases/GalleryDatabase.kt:78:34 The corresponding parameter in the supertype 'Migration' is named 'db'. This may cause problems when calling this function with named arguments.
w: file:///home/Justice/fossify-gallery/app/src/main/kotlin/org/fossify/gallery/databases/GalleryDatabase.kt:84:34 The corresponding parameter in the supertype 'Migration' is named 'db'. This may cause problems when calling this function with named arguments.
w: file:///home/Justice/fossify-gallery/app/src/main/kotlin/org/fossify/gallery/databases/GalleryDatabase.kt:90:34 The corresponding parameter in the supertype 'Migration' is named 'db'. This may cause problems when calling this function with named arguments.
w: file:///home/Justice/fossify-gallery/app/src/main/kotlin/org/fossify/gallery/dialogs/PickDirectoryDialog.kt:118:9 'fun toggleHideOnScroll(hideOnScroll: Boolean): Unit' is deprecated. This feature is broken for now.
w: file:///home/Justice/fossify-gallery/app/src/main/kotlin/org/fossify/gallery/dialogs/PickDirectoryDialog.kt:220:46 Unchecked cast of 'Any' to 'ArrayList<Directory>'.
w: file:///home/Justice/fossify-gallery/app/src/main/kotlin/org/fossify/gallery/dialogs/PickDirectoryDialog.kt:226:98 Unchecked cast of 'Any' to 'ArrayList<Directory>'.
w: file:///home/Justice/fossify-gallery/app/src/main/kotlin/org/fossify/gallery/dialogs/PickDirectoryDialog.kt:232:63 Unchecked cast of 'Any' to 'ArrayList<Directory>'.
w: file:///home/Justice/fossify-gallery/app/src/main/kotlin/org/fossify/gallery/dialogs/PickMediumDialog.kt:60:11 'fun execute(vararg p0: Void!): AsyncTask<Void!, Void!, ArrayList<ThumbnailItem>!>!' is deprecated. Deprecated in Java.
w: file:///home/Justice/fossify-gallery/app/src/main/kotlin/org/fossify/gallery/dialogs/PickMediumDialog.kt:75:65 Unchecked cast of 'Any' to 'ArrayList<ThumbnailItem>'.
w: file:///home/Justice/fossify-gallery/app/src/main/kotlin/org/fossify/gallery/extensions/Activity.kt:544:33 'val defaultDisplay: Display!' is deprecated. Deprecated in Java.
w: file:///home/Justice/fossify-gallery/app/src/main/kotlin/org/fossify/gallery/extensions/Activity.kt:547:13 'fun getRealMetrics(p0: DisplayMetrics!): Unit' is deprecated. Deprecated in Java.
w: file:///home/Justice/fossify-gallery/app/src/main/kotlin/org/fossify/gallery/extensions/Activity.kt:550:13 'fun getMetrics(p0: DisplayMetrics!): Unit' is deprecated. Deprecated in Java.
w: file:///home/Justice/fossify-gallery/app/src/main/kotlin/org/fossify/gallery/extensions/Activity.kt:585:37 Only safe (?.) or non-null asserted (!!.) calls are allowed on a nullable receiver of type 'Date?'.
w: file:///home/Justice/fossify-gallery/app/src/main/kotlin/org/fossify/gallery/extensions/Activity.kt:912:29 'static fun with(p0: Activity): RequestManager' is deprecated. Deprecated in Java.
w: file:///home/Justice/fossify-gallery/app/src/main/kotlin/org/fossify/gallery/extensions/Activity.kt:917:14 'fun into(p0: Int, p1: Int): FutureTarget<Drawable!>!' is deprecated. Deprecated in Java.
w: file:///home/Justice/fossify-gallery/app/src/main/kotlin/org/fossify/gallery/extensions/Activity.kt:943:14 'fun getLatLong(p0: FloatArray!): Boolean' is deprecated. Deprecated in Java.
w: file:///home/Justice/fossify-gallery/app/src/main/kotlin/org/fossify/gallery/extensions/Context.kt:517:33 Java type mismatch: inferred type is 'String?', but 'String' was expected.
w: file:///home/Justice/fossify-gallery/app/src/main/kotlin/org/fossify/gallery/extensions/Context.kt:560:11 'fun execute(vararg p0: Void!): AsyncTask<Void!, Void!, ArrayList<ThumbnailItem>!>!' is deprecated. Deprecated in Java.
w: file:///home/Justice/fossify-gallery/app/src/main/kotlin/org/fossify/gallery/extensions/Context.kt:916:49 Unchecked cast of 'Any' to 'ArrayList<Directory>'.
w: file:///home/Justice/fossify-gallery/app/src/main/kotlin/org/fossify/gallery/extensions/Context.kt:986:34 Unchecked cast of 'Any' to 'ArrayList<ThumbnailItem>'.
w: file:///home/Justice/fossify-gallery/app/src/main/kotlin/org/fossify/gallery/extensions/Context.kt:1254:75 Unchecked cast of 'MutableList<ThumbnailItem>' to 'ArrayList<Medium>'.
w: file:///home/Justice/fossify-gallery/app/src/main/kotlin/org/fossify/gallery/extensions/Player.kt:16:12 This extension is shadowed by a member: 'fun mute(): Unit' defined in 'androidx/media3/common/Player'.
w: file:///home/Justice/fossify-gallery/app/src/main/kotlin/org/fossify/gallery/extensions/Player.kt:20:12 This extension is shadowed by a member: 'fun unmute(): Unit' defined in 'androidx/media3/common/Player'.
w: file:///home/Justice/fossify-gallery/app/src/main/kotlin/org/fossify/gallery/fragments/PhotoFragment.kt:126:44 'constructor(): Handler' is deprecated. Deprecated in Java.
w: file:///home/Justice/fossify-gallery/app/src/main/kotlin/org/fossify/gallery/fragments/PhotoFragment.kt:155:29 'fun getSerializable(p0: String?): Serializable?' is deprecated. Deprecated in Java.
w: file:///home/Justice/fossify-gallery/app/src/main/kotlin/org/fossify/gallery/fragments/PhotoFragment.kt:233:72 Java type mismatch: inferred type is 'String?', but 'String' was expected.
w: file:///home/Justice/fossify-gallery/app/src/main/kotlin/org/fossify/gallery/fragments/PhotoFragment.kt:336:21 'constructor(): Handler' is deprecated. Deprecated in Java.
w: file:///home/Justice/fossify-gallery/app/src/main/kotlin/org/fossify/gallery/fragments/PhotoFragment.kt:383:34 'val defaultDisplay: Display!' is deprecated. Deprecated in Java.
w: file:///home/Justice/fossify-gallery/app/src/main/kotlin/org/fossify/gallery/fragments/PhotoFragment.kt:383:50 'fun getRealMetrics(p0: DisplayMetrics!): Unit' is deprecated. Deprecated in Java.
w: file:///home/Justice/fossify-gallery/app/src/main/kotlin/org/fossify/gallery/fragments/PhotoFragment.kt:718:17 'constructor(): Handler' is deprecated. Deprecated in Java.
w: file:///home/Justice/fossify-gallery/app/src/main/kotlin/org/fossify/gallery/fragments/PlaybackSpeedFragment.kt:45:18 'fun setBackgroundDrawable(p0: Drawable!): Unit' is deprecated. Deprecated in Java.
w: file:///home/Justice/fossify-gallery/app/src/main/kotlin/org/fossify/gallery/fragments/VideoFragment.kt:123:33 'constructor(): Handler' is deprecated. Deprecated in Java.
w: file:///home/Justice/fossify-gallery/app/src/main/kotlin/org/fossify/gallery/fragments/VideoFragment.kt:170:29 'fun getSerializable(p0: String?): Serializable?' is deprecated. Deprecated in Java.
w: file:///home/Justice/fossify-gallery/app/src/main/kotlin/org/fossify/gallery/fragments/VideoFragment.kt:960:55 'val defaultDisplay: Display!' is deprecated. Deprecated in Java.
w: file:///home/Justice/fossify-gallery/app/src/main/kotlin/org/fossify/gallery/fragments/VideoFragment.kt:965:17 'fun getRealMetrics(p0: DisplayMetrics!): Unit' is deprecated. Deprecated in Java.
w: file:///home/Justice/fossify-gallery/app/src/main/kotlin/org/fossify/gallery/fragments/ViewPagerFragment.kt:51:23 Only safe (?.) or non-null asserted (!!.) calls are allowed on a nullable receiver of type 'String?'.
w: file:///home/Justice/fossify-gallery/app/src/main/kotlin/org/fossify/gallery/fragments/ViewPagerFragment.kt:148:18 'fun getLatLong(p0: FloatArray!): Boolean' is deprecated. Deprecated in Java.
w: file:///home/Justice/fossify-gallery/app/src/main/kotlin/org/fossify/gallery/fragments/ViewPagerFragment.kt:176:31 'fun overridePendingTransition(p0: Int, p1: Int): Unit' is deprecated. Deprecated in Java.
w: file:///home/Justice/fossify-gallery/app/src/main/kotlin/org/fossify/gallery/helpers/MediaFetcher.kt:77:77 Unchecked cast of 'Any' to 'HashMap<String, Long>'.
w: file:///home/Justice/fossify-gallery/app/src/main/kotlin/org/fossify/gallery/helpers/MediaFetcher.kt:77:122 Unchecked cast of 'Any' to 'HashMap<String, Long>'.
w: file:///home/Justice/fossify-gallery/app/src/main/kotlin/org/fossify/gallery/helpers/MediaFetcher.kt:82:135 Unchecked cast of 'Any' to 'HashMap<String, Long>'.
w: file:///home/Justice/fossify-gallery/app/src/main/kotlin/org/fossify/gallery/helpers/MediaFetcher.kt:441:59 Java type mismatch: inferred type is 'String?', but 'String' was expected.
w: file:///home/Justice/fossify-gallery/app/src/main/kotlin/org/fossify/gallery/helpers/MediaFetcher.kt:827:26 Unchecked cast of 'ArrayList<Medium>' to 'ArrayList<ThumbnailItem>'.
w: file:///home/Justice/fossify-gallery/app/src/main/kotlin/org/fossify/gallery/helpers/PicassoRegionDecoder.kt:20:39 'static fun newInstance(p0: InputStream, p1: Boolean): BitmapRegionDecoder?' is deprecated. Deprecated in Java.
w: file:///home/Justice/fossify-gallery/app/src/main/kotlin/org/fossify/gallery/helpers/PicassoRegionDecoder.kt:24:31 The corresponding parameter in the supertype 'ImageRegionDecoder' is named 'sRect'. This may cause problems when calling this function with named arguments.
w: file:///home/Justice/fossify-gallery/app/src/main/kotlin/org/fossify/gallery/jobs/NewPhotoFetcher.kt:31:28 'constructor(): Handler' is deprecated. Deprecated in Java.
w: file:///home/Justice/fossify-gallery/app/src/main/kotlin/org/fossify/gallery/views/MediaSideScroll.kt:35:41 'constructor(): Handler' is deprecated. Deprecated in Java.

> Task :app:compileFossReleaseKotlin
w: file:///home/Justice/fossify-gallery/app/src/main/kotlin/org/fossify/gallery/activities/EditActivity.kt:134:39 'fun get(p0: String!): Any?' is deprecated. Deprecated in Java.
w: file:///home/Justice/fossify-gallery/app/src/main/kotlin/org/fossify/gallery/activities/EditActivity.kt:217:31 'fun get(p0: String!): Any?' is deprecated. Deprecated in Java.
w: file:///home/Justice/fossify-gallery/app/src/main/kotlin/org/fossify/gallery/activities/EditActivity.kt:217:77 'fun get(p0: String!): Any?' is deprecated. Deprecated in Java.
w: file:///home/Justice/fossify-gallery/app/src/main/kotlin/org/fossify/gallery/activities/EditActivity.kt:275:25 'constructor(): Handler' is deprecated. Deprecated in Java.
w: file:///home/Justice/fossify-gallery/app/src/main/kotlin/org/fossify/gallery/activities/EditActivity.kt:347:23 'val defaultDisplay: Display!' is deprecated. Deprecated in Java.
w: file:///home/Justice/fossify-gallery/app/src/main/kotlin/org/fossify/gallery/activities/EditActivity.kt:347:38 'fun getSize(p0: Point!): Unit' is deprecated. Deprecated in Java.
w: file:///home/Justice/fossify-gallery/app/src/main/kotlin/org/fossify/gallery/activities/EditActivity.kt:359:18 'fun into(p0: Int, p1: Int): FutureTarget<Bitmap!>!' is deprecated. Deprecated in Java.
w: file:///home/Justice/fossify-gallery/app/src/main/kotlin/org/fossify/gallery/activities/MainActivity.kt:187:37 'constructor(): Handler' is deprecated. Deprecated in Java.
w: file:///home/Justice/fossify-gallery/app/src/main/kotlin/org/fossify/gallery/activities/MainActivity.kt:188:42 'constructor(): Handler' is deprecated. Deprecated in Java.
w: file:///home/Justice/fossify-gallery/app/src/main/kotlin/org/fossify/gallery/activities/MainActivity.kt:481:26 'fun toggleHideOnScroll(hideOnScroll: Boolean): Unit' is deprecated. This feature is broken for now.
w: file:///home/Justice/fossify-gallery/app/src/main/kotlin/org/fossify/gallery/activities/MainActivity.kt:1026:42 'fun get(p0: String!): Any?' is deprecated. Deprecated in Java.
w: file:///home/Justice/fossify-gallery/app/src/main/kotlin/org/fossify/gallery/activities/MainActivity.kt:1086:17 'fun startActivityForResult(p0: Intent, p1: Int): Unit' is deprecated. Deprecated in Java.
w: file:///home/Justice/fossify-gallery/app/src/main/kotlin/org/fossify/gallery/activities/MainActivity.kt:1092:17 'fun startActivityForResult(p0: Intent, p1: Int): Unit' is deprecated. Deprecated in Java.
w: file:///home/Justice/fossify-gallery/app/src/main/kotlin/org/fossify/gallery/activities/MainActivity.kt:1114:34 Unchecked cast of 'Any' to 'ArrayList<Directory>'.
w: file:///home/Justice/fossify-gallery/app/src/main/kotlin/org/fossify/gallery/activities/MainActivity.kt:1121:39 Unchecked cast of 'Any' to 'ArrayList<Directory>'.
w: file:///home/Justice/fossify-gallery/app/src/main/kotlin/org/fossify/gallery/activities/MainActivity.kt:1412:30 Unchecked cast of 'Any' to 'ArrayList<Directory>'.
w: file:///home/Justice/fossify-gallery/app/src/main/kotlin/org/fossify/gallery/activities/MainActivity.kt:1490:19 Unchecked cast of 'Any' to 'ArrayList<Directory>'.
w: file:///home/Justice/fossify-gallery/app/src/main/kotlin/org/fossify/gallery/activities/MainActivity.kt:1645:13 'constructor(): Handler' is deprecated. Deprecated in Java.
w: file:///home/Justice/fossify-gallery/app/src/main/kotlin/org/fossify/gallery/activities/MediaActivity.kt:15:8 'class SimpleTarget<Z : Any!> : BaseTarget<Z!>' is deprecated. Deprecated in Java.
w: file:///home/Justice/fossify-gallery/app/src/main/kotlin/org/fossify/gallery/activities/MediaActivity.kt:135:37 'constructor(): Handler' is deprecated. Deprecated in Java.
w: file:///home/Justice/fossify-gallery/app/src/main/kotlin/org/fossify/gallery/activities/MediaActivity.kt:136:42 'constructor(): Handler' is deprecated. Deprecated in Java.
w: file:///home/Justice/fossify-gallery/app/src/main/kotlin/org/fossify/gallery/activities/MediaActivity.kt:365:27 'fun toggleHideOnScroll(hideOnScroll: Boolean): Unit' is deprecated. This feature is broken for now.
w: file:///home/Justice/fossify-gallery/app/src/main/kotlin/org/fossify/gallery/activities/MediaActivity.kt:442:38 Unchecked cast of 'ArrayList<ThumbnailItem>' to 'ArrayList<Medium>'.
w: file:///home/Justice/fossify-gallery/app/src/main/kotlin/org/fossify/gallery/activities/MediaActivity.kt:508:40 Unchecked cast of 'Any' to 'ArrayList<ThumbnailItem>'.
w: file:///home/Justice/fossify-gallery/app/src/main/kotlin/org/fossify/gallery/activities/MediaActivity.kt:694:47 Unchecked cast of 'Any' to 'ArrayList<ThumbnailItem>'.
w: file:///home/Justice/fossify-gallery/app/src/main/kotlin/org/fossify/gallery/activities/MediaActivity.kt:717:26 'fun execute(vararg p0: Void!): AsyncTask<Void!, Void!, ArrayList<ThumbnailItem>!>!' is deprecated. Deprecated in Java.
w: file:///home/Justice/fossify-gallery/app/src/main/kotlin/org/fossify/gallery/activities/MediaActivity.kt:936:31 'val wallpaperDesiredMinimumWidth: Int' is deprecated. Deprecated in Java.
w: file:///home/Justice/fossify-gallery/app/src/main/kotlin/org/fossify/gallery/activities/MediaActivity.kt:937:32 'val wallpaperDesiredMinimumHeight: Int' is deprecated. Deprecated in Java.
w: file:///home/Justice/fossify-gallery/app/src/main/kotlin/org/fossify/gallery/activities/MediaActivity.kt:948:32 'class SimpleTarget<Z : Any!> : BaseTarget<Z!>' is deprecated. Deprecated in Java.
w: file:///home/Justice/fossify-gallery/app/src/main/kotlin/org/fossify/gallery/activities/PhotoVideoActivity.kt:257:52 'static fun fromHtml(p0: String!): Spanned!' is deprecated. Deprecated in Java.
w: file:///home/Justice/fossify-gallery/app/src/main/kotlin/org/fossify/gallery/activities/SearchActivity.kt:65:28 'fun toggleHideOnScroll(hideOnScroll: Boolean): Unit' is deprecated. This feature is broken for now.
w: file:///home/Justice/fossify-gallery/app/src/main/kotlin/org/fossify/gallery/activities/SearchActivity.kt:102:84 Unchecked cast of 'ArrayList<ThumbnailItem>' to 'ArrayList<Medium>'.
w: file:///home/Justice/fossify-gallery/app/src/main/kotlin/org/fossify/gallery/activities/SearchActivity.kt:230:40 Unchecked cast of 'Any' to 'ArrayList<ThumbnailItem>'.
w: file:///home/Justice/fossify-gallery/app/src/main/kotlin/org/fossify/gallery/activities/SearchActivity.kt:242:36 Unchecked cast of 'Any' to 'ArrayList<ThumbnailItem>'.
w: file:///home/Justice/fossify-gallery/app/src/main/kotlin/org/fossify/gallery/activities/SearchActivity.kt:248:26 'fun execute(vararg p0: Void!): AsyncTask<Void!, Void!, ArrayList<ThumbnailItem>!>!' is deprecated. Deprecated in Java.
w: file:///home/Justice/fossify-gallery/app/src/main/kotlin/org/fossify/gallery/activities/SetWallpaperActivity.kt:56:13 'fun startActivityForResult(p0: Intent, p1: Int): Unit' is deprecated. Deprecated in Java.
w: file:///home/Justice/fossify-gallery/app/src/main/kotlin/org/fossify/gallery/activities/SettingsActivity.kt:802:29 'fun startActivityForResult(p0: Intent, p1: Int): Unit' is deprecated. Deprecated in Java.
w: file:///home/Justice/fossify-gallery/app/src/main/kotlin/org/fossify/gallery/activities/SettingsActivity.kt:858:21 'fun startActivityForResult(p0: Intent, p1: Int): Unit' is deprecated. Deprecated in Java.
w: file:///home/Justice/fossify-gallery/app/src/main/kotlin/org/fossify/gallery/activities/SettingsActivity.kt:1003:21 'fun startActivityForResult(p0: Intent, p1: Int): Unit' is deprecated. Deprecated in Java.
w: file:///home/Justice/fossify-gallery/app/src/main/kotlin/org/fossify/gallery/activities/VideoPlayerActivity.kt:127:33 'constructor(): Handler' is deprecated. Deprecated in Java.
w: file:///home/Justice/fossify-gallery/app/src/main/kotlin/org/fossify/gallery/activities/VideoPlayerActivity.kt:128:41 'constructor(): Handler' is deprecated. Deprecated in Java.
w: file:///home/Justice/fossify-gallery/app/src/main/kotlin/org/fossify/gallery/activities/VideoPlayerActivity.kt:173:16 'var statusBarColor: Int' is deprecated. Deprecated in Java.
w: file:///home/Justice/fossify-gallery/app/src/main/kotlin/org/fossify/gallery/activities/VideoPlayerActivity.kt:174:16 'var navigationBarColor: Int' is deprecated. Deprecated in Java.
w: file:///home/Justice/fossify-gallery/app/src/main/kotlin/org/fossify/gallery/activities/VideoPlayerActivity.kt:276:26 'fun setOnSystemUiVisibilityChangeListener(p0: View.OnSystemUiVisibilityChangeListener!): Unit' is deprecated. Deprecated in Java.
w: file:///home/Justice/fossify-gallery/app/src/main/kotlin/org/fossify/gallery/activities/VideoPlayerActivity.kt:277:52 'static field SYSTEM_UI_FLAG_FULLSCREEN: Int' is deprecated. Deprecated in Java.
w: file:///home/Justice/fossify-gallery/app/src/main/kotlin/org/fossify/gallery/activities/VideoPlayerActivity.kt:362:13 'constructor(): Handler' is deprecated. Deprecated in Java.
w: file:///home/Justice/fossify-gallery/app/src/main/kotlin/org/fossify/gallery/activities/VideoPlayerActivity.kt:602:37 'val defaultDisplay: Display!' is deprecated. Deprecated in Java.
w: file:///home/Justice/fossify-gallery/app/src/main/kotlin/org/fossify/gallery/activities/VideoPlayerActivity.kt:607:17 'fun getRealMetrics(p0: DisplayMetrics!): Unit' is deprecated. Deprecated in Java.
w: file:///home/Justice/fossify-gallery/app/src/main/kotlin/org/fossify/gallery/activities/ViewPagerActivity.kt:201:37 'constructor(): Handler' is deprecated. Deprecated in Java.
w: file:///home/Justice/fossify-gallery/app/src/main/kotlin/org/fossify/gallery/activities/ViewPagerActivity.kt:523:17 'constructor(): Handler' is deprecated. Deprecated in Java.
w: file:///home/Justice/fossify-gallery/app/src/main/kotlin/org/fossify/gallery/activities/ViewPagerActivity.kt:882:38 'fun getDrawable(p0: Int): Drawable!' is deprecated. Deprecated in Java.
w: file:///home/Justice/fossify-gallery/app/src/main/kotlin/org/fossify/gallery/activities/ViewPagerActivity.kt:1324:15 'fun execute(vararg p0: Void!): AsyncTask<Void!, Void!, ArrayList<ThumbnailItem>!>!' is deprecated. Deprecated in Java.
w: file:///home/Justice/fossify-gallery/app/src/main/kotlin/org/fossify/gallery/activities/ViewPagerActivity.kt:1462:21 'fun startActivityForResult(p0: Intent, p1: Int): Unit' is deprecated. Deprecated in Java.
w: file:///home/Justice/fossify-gallery/app/src/main/kotlin/org/fossify/gallery/activities/WidgetConfigureActivity.kt:92:37 'fun getColor(p0: Int): Int' is deprecated. Deprecated in Java.
w: file:///home/Justice/fossify-gallery/app/src/main/kotlin/org/fossify/gallery/adapters/DirectoryAdapter.kt:632:38 'fun getDrawable(p0: Int): Drawable!' is deprecated. Deprecated in Java.
w: file:///home/Justice/fossify-gallery/app/src/main/kotlin/org/fossify/gallery/adapters/DirectoryAdapter.kt:815:43 Unchecked cast of 'Any' to 'ArrayList<Directory>'.
w: file:///home/Justice/fossify-gallery/app/src/main/kotlin/org/fossify/gallery/adapters/FiltersAdapter.kt:16:54 'fun getDrawable(p0: Int): Drawable!' is deprecated. Deprecated in Java.
w: file:///home/Justice/fossify-gallery/app/src/main/kotlin/org/fossify/gallery/adapters/FiltersAdapter.kt:52:38 'val adapterPosition: Int' is deprecated. Deprecated in Java.
w: file:///home/Justice/fossify-gallery/app/src/main/kotlin/org/fossify/gallery/adapters/MediaAdapter.kt:501:38 'fun getDrawable(p0: Int): Drawable!' is deprecated. Deprecated in Java.
w: file:///home/Justice/fossify-gallery/app/src/main/kotlin/org/fossify/gallery/adapters/MediaAdapter.kt:629:47 Unchecked cast of 'Any' to 'ArrayList<ThumbnailItem>'.
w: file:///home/Justice/fossify-gallery/app/src/main/kotlin/org/fossify/gallery/adapters/MyPagerAdapter.kt:8:8 'class FragmentStatePagerAdapter : PagerAdapter' is deprecated. Deprecated in Java.
w: file:///home/Justice/fossify-gallery/app/src/main/kotlin/org/fossify/gallery/adapters/MyPagerAdapter.kt:18:110 'constructor(p0: FragmentManager): FragmentStatePagerAdapter' is deprecated. Deprecated in Java.
w: file:///home/Justice/fossify-gallery/app/src/main/kotlin/org/fossify/gallery/adapters/MyPagerAdapter.kt:18:110 'class FragmentStatePagerAdapter : PagerAdapter' is deprecated. Deprecated in Java.
w: file:///home/Justice/fossify-gallery/app/src/main/kotlin/org/fossify/gallery/adapters/PortraitPhotosAdapter.kt:22:54 'fun getDrawable(p0: Int): Drawable!' is deprecated. Deprecated in Java.
w: file:///home/Justice/fossify-gallery/app/src/main/kotlin/org/fossify/gallery/asynctasks/GetMediaAsynctask.kt:4:8 'class AsyncTask<Params : Any!, Progress : Any!, Result : Any!> : Any' is deprecated. Deprecated in Java.
w: file:///home/Justice/fossify-gallery/app/src/main/kotlin/org/fossify/gallery/asynctasks/GetMediaAsynctask.kt:19:5 'constructor<Params : Any!, Progress : Any!, Result : Any!>(): AsyncTask<Params, Progress, Result>' is deprecated. Deprecated in Java.
w: file:///home/Justice/fossify-gallery/app/src/main/kotlin/org/fossify/gallery/asynctasks/GetMediaAsynctask.kt:19:5 'class AsyncTask<Params : Any!, Progress : Any!, Result : Any!> : Any' is deprecated. Deprecated in Java.
w: file:///home/Justice/fossify-gallery/app/src/main/kotlin/org/fossify/gallery/asynctasks/GetMediaAsynctask.kt:22:18 This declaration overrides a deprecated member but is not marked as deprecated itself. Add the '@Deprecated' annotation or suppress the diagnostic.
w: file:///home/Justice/fossify-gallery/app/src/main/kotlin/org/fossify/gallery/asynctasks/GetMediaAsynctask.kt:46:89 Unchecked cast of 'Any' to 'HashMap<String, Long>'.
w: file:///home/Justice/fossify-gallery/app/src/main/kotlin/org/fossify/gallery/asynctasks/GetMediaAsynctask.kt:64:18 This declaration overrides a deprecated member but is not marked as deprecated itself. Add the '@Deprecated' annotation or suppress the diagnostic.
w: file:///home/Justice/fossify-gallery/app/src/main/kotlin/org/fossify/gallery/asynctasks/GetMediaAsynctask.kt:65:15 'fun onPostExecute(p0: ArrayList<ThumbnailItem>!): Unit' is deprecated. Deprecated in Java.
w: file:///home/Justice/fossify-gallery/app/src/main/kotlin/org/fossify/gallery/asynctasks/GetMediaAsynctask.kt:71:9 'fun cancel(p0: Boolean): Boolean' is deprecated. Deprecated in Java.
w: file:///home/Justice/fossify-gallery/app/src/main/kotlin/org/fossify/gallery/databases/GalleryDatabase.kt:33:30 'fun fallbackToDestructiveMigration(): RoomDatabase.Builder<GalleryDatabase>' is deprecated. Replace by overloaded version with parameter to indicate if all tables should be dropped or not.
w: file:///home/Justice/fossify-gallery/app/src/main/kotlin/org/fossify/gallery/databases/GalleryDatabase.kt:55:34 The corresponding parameter in the supertype 'Migration' is named 'db'. This may cause problems when calling this function with named arguments.
w: file:///home/Justice/fossify-gallery/app/src/main/kotlin/org/fossify/gallery/databases/GalleryDatabase.kt:61:34 The corresponding parameter in the supertype 'Migration' is named 'db'. This may cause problems when calling this function with named arguments.
w: file:///home/Justice/fossify-gallery/app/src/main/kotlin/org/fossify/gallery/databases/GalleryDatabase.kt:68:34 The corresponding parameter in the supertype 'Migration' is named 'db'. This may cause problems when calling this function with named arguments.
w: file:///home/Justice/fossify-gallery/app/src/main/kotlin/org/fossify/gallery/databases/GalleryDatabase.kt:78:34 The corresponding parameter in the supertype 'Migration' is named 'db'. This may cause problems when calling this function with named arguments.
w: file:///home/Justice/fossify-gallery/app/src/main/kotlin/org/fossify/gallery/databases/GalleryDatabase.kt:84:34 The corresponding parameter in the supertype 'Migration' is named 'db'. This may cause problems when calling this function with named arguments.
w: file:///home/Justice/fossify-gallery/app/src/main/kotlin/org/fossify/gallery/databases/GalleryDatabase.kt:90:34 The corresponding parameter in the supertype 'Migration' is named 'db'. This may cause problems when calling this function with named arguments.
w: file:///home/Justice/fossify-gallery/app/src/main/kotlin/org/fossify/gallery/dialogs/PickDirectoryDialog.kt:118:9 'fun toggleHideOnScroll(hideOnScroll: Boolean): Unit' is deprecated. This feature is broken for now.
w: file:///home/Justice/fossify-gallery/app/src/main/kotlin/org/fossify/gallery/dialogs/PickDirectoryDialog.kt:220:46 Unchecked cast of 'Any' to 'ArrayList<Directory>'.
w: file:///home/Justice/fossify-gallery/app/src/main/kotlin/org/fossify/gallery/dialogs/PickDirectoryDialog.kt:226:98 Unchecked cast of 'Any' to 'ArrayList<Directory>'.
w: file:///home/Justice/fossify-gallery/app/src/main/kotlin/org/fossify/gallery/dialogs/PickDirectoryDialog.kt:232:63 Unchecked cast of 'Any' to 'ArrayList<Directory>'.
w: file:///home/Justice/fossify-gallery/app/src/main/kotlin/org/fossify/gallery/dialogs/PickMediumDialog.kt:60:11 'fun execute(vararg p0: Void!): AsyncTask<Void!, Void!, ArrayList<ThumbnailItem>!>!' is deprecated. Deprecated in Java.
w: file:///home/Justice/fossify-gallery/app/src/main/kotlin/org/fossify/gallery/dialogs/PickMediumDialog.kt:75:65 Unchecked cast of 'Any' to 'ArrayList<ThumbnailItem>'.
w: file:///home/Justice/fossify-gallery/app/src/main/kotlin/org/fossify/gallery/extensions/Activity.kt:544:33 'val defaultDisplay: Display!' is deprecated. Deprecated in Java.
w: file:///home/Justice/fossify-gallery/app/src/main/kotlin/org/fossify/gallery/extensions/Activity.kt:547:13 'fun getRealMetrics(p0: DisplayMetrics!): Unit' is deprecated. Deprecated in Java.
w: file:///home/Justice/fossify-gallery/app/src/main/kotlin/org/fossify/gallery/extensions/Activity.kt:550:13 'fun getMetrics(p0: DisplayMetrics!): Unit' is deprecated. Deprecated in Java.
w: file:///home/Justice/fossify-gallery/app/src/main/kotlin/org/fossify/gallery/extensions/Activity.kt:585:37 Only safe (?.) or non-null asserted (!!.) calls are allowed on a nullable receiver of type 'Date?'.
w: file:///home/Justice/fossify-gallery/app/src/main/kotlin/org/fossify/gallery/extensions/Activity.kt:912:29 'static fun with(p0: Activity): RequestManager' is deprecated. Deprecated in Java.
w: file:///home/Justice/fossify-gallery/app/src/main/kotlin/org/fossify/gallery/extensions/Activity.kt:917:14 'fun into(p0: Int, p1: Int): FutureTarget<Drawable!>!' is deprecated. Deprecated in Java.
w: file:///home/Justice/fossify-gallery/app/src/main/kotlin/org/fossify/gallery/extensions/Activity.kt:943:14 'fun getLatLong(p0: FloatArray!): Boolean' is deprecated. Deprecated in Java.
w: file:///home/Justice/fossify-gallery/app/src/main/kotlin/org/fossify/gallery/extensions/Context.kt:517:33 Java type mismatch: inferred type is 'String?', but 'String' was expected.
w: file:///home/Justice/fossify-gallery/app/src/main/kotlin/org/fossify/gallery/extensions/Context.kt:560:11 'fun execute(vararg p0: Void!): AsyncTask<Void!, Void!, ArrayList<ThumbnailItem>!>!' is deprecated. Deprecated in Java.
w: file:///home/Justice/fossify-gallery/app/src/main/kotlin/org/fossify/gallery/extensions/Context.kt:916:49 Unchecked cast of 'Any' to 'ArrayList<Directory>'.
w: file:///home/Justice/fossify-gallery/app/src/main/kotlin/org/fossify/gallery/extensions/Context.kt:986:34 Unchecked cast of 'Any' to 'ArrayList<ThumbnailItem>'.
w: file:///home/Justice/fossify-gallery/app/src/main/kotlin/org/fossify/gallery/extensions/Context.kt:1254:75 Unchecked cast of 'MutableList<ThumbnailItem>' to 'ArrayList<Medium>'.
w: file:///home/Justice/fossify-gallery/app/src/main/kotlin/org/fossify/gallery/extensions/Player.kt:16:12 This extension is shadowed by a member: 'fun mute(): Unit' defined in 'androidx/media3/common/Player'.
w: file:///home/Justice/fossify-gallery/app/src/main/kotlin/org/fossify/gallery/extensions/Player.kt:20:12 This extension is shadowed by a member: 'fun unmute(): Unit' defined in 'androidx/media3/common/Player'.
w: file:///home/Justice/fossify-gallery/app/src/main/kotlin/org/fossify/gallery/fragments/PhotoFragment.kt:126:44 'constructor(): Handler' is deprecated. Deprecated in Java.
w: file:///home/Justice/fossify-gallery/app/src/main/kotlin/org/fossify/gallery/fragments/PhotoFragment.kt:155:29 'fun getSerializable(p0: String?): Serializable?' is deprecated. Deprecated in Java.
w: file:///home/Justice/fossify-gallery/app/src/main/kotlin/org/fossify/gallery/fragments/PhotoFragment.kt:233:72 Java type mismatch: inferred type is 'String?', but 'String' was expected.
w: file:///home/Justice/fossify-gallery/app/src/main/kotlin/org/fossify/gallery/fragments/PhotoFragment.kt:336:21 'constructor(): Handler' is deprecated. Deprecated in Java.
w: file:///home/Justice/fossify-gallery/app/src/main/kotlin/org/fossify/gallery/fragments/PhotoFragment.kt:383:34 'val defaultDisplay: Display!' is deprecated. Deprecated in Java.
w: file:///home/Justice/fossify-gallery/app/src/main/kotlin/org/fossify/gallery/fragments/PhotoFragment.kt:383:50 'fun getRealMetrics(p0: DisplayMetrics!): Unit' is deprecated. Deprecated in Java.
w: file:///home/Justice/fossify-gallery/app/src/main/kotlin/org/fossify/gallery/fragments/PhotoFragment.kt:718:17 'constructor(): Handler' is deprecated. Deprecated in Java.
w: file:///home/Justice/fossify-gallery/app/src/main/kotlin/org/fossify/gallery/fragments/PlaybackSpeedFragment.kt:45:18 'fun setBackgroundDrawable(p0: Drawable!): Unit' is deprecated. Deprecated in Java.
w: file:///home/Justice/fossify-gallery/app/src/main/kotlin/org/fossify/gallery/fragments/VideoFragment.kt:123:33 'constructor(): Handler' is deprecated. Deprecated in Java.
w: file:///home/Justice/fossify-gallery/app/src/main/kotlin/org/fossify/gallery/fragments/VideoFragment.kt:170:29 'fun getSerializable(p0: String?): Serializable?' is deprecated. Deprecated in Java.
w: file:///home/Justice/fossify-gallery/app/src/main/kotlin/org/fossify/gallery/fragments/VideoFragment.kt:960:55 'val defaultDisplay: Display!' is deprecated. Deprecated in Java.
w: file:///home/Justice/fossify-gallery/app/src/main/kotlin/org/fossify/gallery/fragments/VideoFragment.kt:965:17 'fun getRealMetrics(p0: DisplayMetrics!): Unit' is deprecated. Deprecated in Java.
w: file:///home/Justice/fossify-gallery/app/src/main/kotlin/org/fossify/gallery/fragments/ViewPagerFragment.kt:51:23 Only safe (?.) or non-null asserted (!!.) calls are allowed on a nullable receiver of type 'String?'.
w: file:///home/Justice/fossify-gallery/app/src/main/kotlin/org/fossify/gallery/fragments/ViewPagerFragment.kt:148:18 'fun getLatLong(p0: FloatArray!): Boolean' is deprecated. Deprecated in Java.
w: file:///home/Justice/fossify-gallery/app/src/main/kotlin/org/fossify/gallery/fragments/ViewPagerFragment.kt:176:31 'fun overridePendingTransition(p0: Int, p1: Int): Unit' is deprecated. Deprecated in Java.
w: file:///home/Justice/fossify-gallery/app/src/main/kotlin/org/fossify/gallery/helpers/MediaFetcher.kt:77:77 Unchecked cast of 'Any' to 'HashMap<String, Long>'.
w: file:///home/Justice/fossify-gallery/app/src/main/kotlin/org/fossify/gallery/helpers/MediaFetcher.kt:77:122 Unchecked cast of 'Any' to 'HashMap<String, Long>'.
w: file:///home/Justice/fossify-gallery/app/src/main/kotlin/org/fossify/gallery/helpers/MediaFetcher.kt:82:135 Unchecked cast of 'Any' to 'HashMap<String, Long>'.
w: file:///home/Justice/fossify-gallery/app/src/main/kotlin/org/fossify/gallery/helpers/MediaFetcher.kt:441:59 Java type mismatch: inferred type is 'String?', but 'String' was expected.
w: file:///home/Justice/fossify-gallery/app/src/main/kotlin/org/fossify/gallery/helpers/MediaFetcher.kt:827:26 Unchecked cast of 'ArrayList<Medium>' to 'ArrayList<ThumbnailItem>'.
w: file:///home/Justice/fossify-gallery/app/src/main/kotlin/org/fossify/gallery/helpers/PicassoRegionDecoder.kt:20:39 'static fun newInstance(p0: InputStream, p1: Boolean): BitmapRegionDecoder?' is deprecated. Deprecated in Java.
w: file:///home/Justice/fossify-gallery/app/src/main/kotlin/org/fossify/gallery/helpers/PicassoRegionDecoder.kt:24:31 The corresponding parameter in the supertype 'ImageRegionDecoder' is named 'sRect'. This may cause problems when calling this function with named arguments.
w: file:///home/Justice/fossify-gallery/app/src/main/kotlin/org/fossify/gallery/jobs/NewPhotoFetcher.kt:31:28 'constructor(): Handler' is deprecated. Deprecated in Java.
w: file:///home/Justice/fossify-gallery/app/src/main/kotlin/org/fossify/gallery/views/MediaSideScroll.kt:35:41 'constructor(): Handler' is deprecated. Deprecated in Java.

> Task :app:compileFossReleaseJavaWithJavac
Picked up JAVA_TOOL_OPTIONS: -Xmx3g

Picked up JAVA_TOOL_OPTIONS: -Xmx3g

Picked up JAVA_TOOL_OPTIONS: -Xmx3g


> Task :app:mergeFossReleaseGeneratedProguardFiles
> Task :app:processFossReleaseJavaRes
> Task :app:expandFossReleaseArtProfileWildcards
> Task :app:compileGplayReleaseJavaWithJavac
> Task :app:mergeGplayReleaseGeneratedProguardFiles
> Task :app:processGplayReleaseJavaRes
> Task :app:expandGplayReleaseArtProfileWildcards
> Task :app:mergeFossReleaseJavaResource
> Task :app:mergeGplayReleaseJavaResource
> Task :app:minifyFossReleaseWithR8
> Task :app:compileFossReleaseArtProfile
> Task :app:convertShrunkResourcesToBinaryFossRelease
> Task :app:optimizeFossReleaseResources
> Task :app:packageFossRelease
> Task :app:createFossReleaseApkListingFileRedirect
> Task :app:assembleFossRelease
> Task :app:minifyGplayReleaseWithR8
> Task :app:compileGplayReleaseArtProfile
> Task :app:convertShrunkResourcesToBinaryGplayRelease
> Task :app:optimizeGplayReleaseResources
> Task :app:packageGplayRelease
> Task :app:createGplayReleaseApkListingFileRedirect
> Task :app:assembleGplayRelease
> Task :app:assembleRelease

[Incubating] Problems report is available at: file:///home/Justice/fossify-gallery/build/reports/problems/problems-report.html

Deprecated Gradle features were used in this build, making it incompatible with Gradle 10.

You can use '--warning-mode all' to show the individual deprecation warnings and determine if they come from your own scripts or plugins.

For more on this, please refer to https://docs.gradle.org/9.3.1/userguide/command_line_interface.html#sec:command_line_warnings in the Gradle documentation.

BUILD SUCCESSFUL in 6m 19s
95 actionable tasks: 95 executed
Consider enabling configuration cache to speed up this build: https://docs.gradle.org/9.3.1/userguide/configuration_cache_enabling.html
gradle rc=0
